0	1	Grouping.Statements
1	2	Grouping.Statements
2	3	Operator.Symbol
3	4	Operator.Symbol
4	5	Operator.Symbol
5	6	Operator.Symbol
6	7	Operator.Symbol
7	8	Operator.Symbol
8	9	Operator.Symbol
9	10	Operator.Symbol
10	11	Operator.Symbol
11	12	Operator.Symbol
12	13	Grouping.Statements
13	14	Operator.Symbol
14	15	Operator.Symbol
15	16	Operator.Symbol
16	17	Operator.Symbol
17	18	Operator.Symbol
18	19	Operator.Symbol
19	20	Operator.Symbol
20	21	Operator.Symbol
21	22	Operator.Symbol
22	23	Operator.Symbol
23	24	Operator.Symbol
24	25	Operator.Symbol
25	26	Grouping.Statements
26	27	Operator.Symbol
27	28	Operator.Symbol
28	29	Operator.Symbol
29	30	Operator.Symbol
30	31	Operator.Symbol
31	32	Operator.Symbol
32	33	Operator.Symbol
33	34	Operator.Symbol
34	35	Operator.Symbol
35	36	Operator.Symbol
36	37	Operator.Symbol
37	38	Grouping.Statements
38	39	Operator.Symbol
39	40	Operator.Symbol
40	41	Operator.Symbol
41	42	Operator.Symbol
42	43	Operator.Symbol
43	44	Grouping.Statements
44	46	Whitespace.Insignificant
46	55	Comment.Block
55	56	Grouping.Statements
56	57	Comment.Block
57	58	Operator.Symbol
58	59	Operator.Symbol
59	60	Operator.Symbol
60	61	Operator.Symbol
61	62	Operator.Symbol
62	63	Grouping.Statements
63	64	Operator.Symbol
64	65	Grouping.Statements
65	66	Operator.Symbol
66	67	Operator.Symbol
67	68	Grouping.Statements
68	69	Operator.Symbol
69	70	Operator.Symbol
70	71	Operator.Symbol
71	72	Operator.Symbol
72	73	Grouping.Statements
73	74	Operator.Symbol
74	75	Operator.Symbol
75	76	Operator.Symbol
76	77	Operator.Symbol
77	78	Grouping.Statements
78	79	Operator.Symbol
79	80	Grouping.Statements
80	81	Grouping.Statements
81	82	Operator.Symbol
82	83	Operator.Symbol
83	84	Operator.Symbol
84	85	Operator.Symbol